◇ injected env (7) from .env // tip: ⌁ auth for agents [www.vestauth.com]
node:internal/modules/cjs/loader:1661
  return process.dlopen(module, path.toNamespacedPath(filename));
                 ^

Error: The module '/Users/bekdauletbolatov/Desktop/flex_ai/voice-bot/node_modules/better-sqlite3/build/Release/better_sqlite3.node'
was compiled against a different Node.js version using
NODE_MODULE_VERSION 141. This version of Node.js requires
NODE_MODULE_VERSION 115. Please try re-compiling or re-installing
the module (for instance, using `npm rebuild` or `npm install`).
    at Module._extensions..node (node:internal/modules/cjs/loader:1661:18)
    at Module.load (node:internal/modules/cjs/loader:1266:32)
    at Module._load (node:internal/modules/cjs/loader:1091:12)
    at Module.require (node:internal/modules/cjs/loader:1289:19)
    at require (node:internal/modules/helpers:182:18)
    at bindings (/Users/bekdauletbolatov/Desktop/flex_ai/voice-bot/node_modules/bindings/bindings.js:112:48)
    at new Database (/Users/bekdauletbolatov/Desktop/flex_ai/voice-bot/node_modules/better-sqlite3/lib/database.js:48:64)
    at file:///Users/bekdauletbolatov/Desktop/flex_ai/voice-bot/dist/services/db.js:6:12
    at ModuleJob.run (node:internal/modules/esm/module_job:325:25)
    at async ModuleLoader.import (node:internal/modules/esm/loader:606:24) {
  code: 'ERR_DLOPEN_FAILED'
}

Node.js v20.20.2
